
[1m[46m RUN [49m[22m [36mv4.0.18 [39m[90mC:/Users/vedan/OneDrive/Documents/LJIET/Third Year/SEM - 5/PROJECTS/Group Projects/algo-viz-pro/frontend[39m

 [31mΓ¥»[39m src/__tests__/App.test.jsx [2m([22m[2m4 tests[22m[2m | [22m[31m2 failed[39m[2m)[22m[33m 426[2mms[22m[39m
     [33m[2mΓ£ô[22m[39m renders the main application header [33m 309[2mms[22m[39m
[31m     [31m├ù[31m renders the visualizer view by default[39m[32m 38[2mms[22m[39m
[31m     [31m├ù[31m switches views when navigation buttons are clicked[39m[32m 27[2mms[22m[39m
     [32mΓ£ô[39m simulates node upload[32m 50[2mms[22m[39m
node.exe : 
At C:\Program 
Files\nodejs\npx.ps1:29 
char:3
+   & $NODE_EXE 
$NPX_CLI_JS $args
+   ~~~~~~~~~~~~~~~~~~~~~~~
~~~~~~
    + CategoryInfo         
     : NotSpecified: (:St  
  ring) [], RemoteExcept   
 ion
    + FullyQualifiedErrorI 
   d : NativeCommandError
 
[31mΓÄ»ΓÄ»ΓÄ»ΓÄ»ΓÄ»ΓÄ»ΓÄ»
[39m[1m[41m Failed Tests 
2 [49m[22m[31mΓÄ»ΓÄ»ΓÄ»Γ
Ä»ΓÄ»ΓÄ»ΓÄ»[39m

[41m[1m FAIL [22m[49m s
rc/__tests__/App.test.jsx[
2m > [22mApp 
Component[2m > 
[22mrenders the 
visualizer view by default
[31m[1mTestingLibraryElem
entError[22m[39m: Found 
multiple elements with the 
text: /Editor/i

Here are the matching 
elements:

Ignored nodes: comments, 
script, style
[36m<button[39m
  [33mclass[39m=[32m"btn
-secondary active"[39m
[36m>[39m
  [36m<svg[39m
    [33maria-hidden[39m=
[32m"true"[39m
    [33mclass[39m=[32m"l
ucide lucide-pen-line"[39m
    [33mfill[39m=[32m"no
ne"[39m
    [33mheight[39m=[32m"
16"[39m
    [33mstroke[39m=[32m"
currentColor"[39m
    [33mstroke-linecap[39
m=[32m"round"[39m
    [33mstroke-linejoin[3
9m=[32m"round"[39m
    [33mstroke-width[39m=
[32m"2"[39m
    
[33mviewBox[39m=[32m"0 
0 24 24"[39m
    [33mwidth[39m=[32m"1
6"[39m
    [33mxmlns[39m=[32m"h
ttp://www.w3.org/2000/svg"
[39m
  [36m>[39m
    [36m<path[39m
      
[33md[39m=[32m"M13 
21h8"[39m
    [36m/>[39m
    [36m<path[39m
      
[33md[39m=[32m"M21.174 
6.812a1 1 0 0 
0-3.986-3.987L3.842 
16.174a2 2 0 0 
0-.5.83l-1.321 4.352a.5.5 
0 0 0 
.623.622l4.353-1.32a2 2 0 
0 0 .83-.497z"[39m
    [36m/>[39m
  [36m</svg>[39m
  [0m Editor[0m
[36m</button>[39m

Ignored nodes: comments, 
script, style
[36m<div[39m
  [33mstyle[39m=[32m"pad
ding: 8px 16px; font-size: 
13px; font-weight: 600; 
background: white; 
border-radius: 50px; 
border: 1px solid 
var(--border); box-shadow: 
0 2px 8px 
rgba(0,0,0,0.05); display: 
flex; align-items: center; 
gap: 8px;"[39m
[36m>[39m
  [36m<div[39m
    [33mstyle[39m=[32m"w
idth: 8px; height: 8px; 
background: rgb(16, 185, 
129); border-radius: 
50%;"[39m
  [36m/>[39m
  [0mInteractive 
Editor[0m
[36m</div>[39m

(If this is intentional, 
then use the `*AllBy*` 
variant of the query (like 
`queryAllByText`, 
`getAllByText`, or 
`findAllByText`)).

Ignored nodes: comments, 
script, style
[36m<body>[39m
  [36m<div>[39m
    [36m<div[39m
      [33mclass[39m=[32m
"App"[39m
    [36m>[39m
      [36m<header[39m
        [33mclass[39m=[3
2m"header"[39m
      [36m>[39m
        [36m<div[39m
          [33mclass[39m=
[32m"brand"[39m
          [33mstyle[39m=
[32m"display: flex; 
align-items: center; gap: 
16px;"[39m
        [36m>[39m
          [36m<div[39m
            [33mstyle[39m
=[32m"width: 40px; 
height: 40px; display: 
flex; align-items: center; 
justify-content: 
center;"[39m
          [36m>[39m
            [36m<img[39m
              [33malt[39m
=[32m"OptiPath Logo"[39m
              [33msrc[39m
=[32m"/optipath-logo.png"
[39m
              [33mstyle[3
9m=[32m"width: 100%; 
height: 100%; object-fit: 
contain;"[39m
            [36m/>[39m
          [36m</div>[39m
          [36m<div>[39m
            [36m<h1[39m
              [33mstyle[3
9m=[32m"font-size: 24px; 
font-weight: 700; 
letter-spacing: -0.02em; 
color: 
var(--text-main);"[39m
            [36m>[39m
              
[0mOptiPath[0m
            [36m</h1>[39m
            [36m<p[39m
              [33mstyle[3
9m=[32m"font-size: 13px; 
color: var(--text-muted); 
font-weight: 500;"[39m
            [36m>[39m
              
[0mAlgorithm 
Visualizer[0m
            [36m</p>[39m
          [36m</div>[39m
        [36m</div>[39m
        [36m<nav[39m
          [33mclass[39m=
[32m"nav-buttons"[39m
          [33mstyle[39m=
[32m"display: flex; gap: 
8px; background: 
var(--bg-subtle); padding: 
6px; border-radius: 
14px;"[39m
        [36m>[39m
          [36m<button[39m
            [33mclass[39m
=[32m"btn-secondary 
active"[39m
          [36m>[39m
            [36m<svg[39m
              [33maria-hid
den[39m=[32m"true"[39m
              [33mclass[3
9m=[32m"lucide 
lucide-pen-line"[39m
              [33mfill[39
m=[32m"none"[39m
              [33mheight[
39m=[32m"16"[39m
              [33mstroke[
39m=[32m"currentColor"[39
m
              [33mstroke-l
inecap[39m=[32m"round"[3
9m
              [33mstroke-l
inejoin[39m=[32m"round"[
39m
              [33mstroke-w
idth[39m=[32m"2"[39m
              
[33mviewBox[39m=[32m"0 
0 24 24"[39m
              [33mwidth[3
9m=[32m"16"[39m
              [33mxmlns[3
9m=[32m"http://www.w3.org/
2000/svg"[39m
            [36m>[39m
              
[36m<path[39m
                
[33md[39m=[32m"M13 
21h8"[39m
              [36m/>[39m
              
[36m<path[39m
                
[33md[39m=[32m"M21.174 
6.812a1 1 0 0 
0-3.986-3.987L3.842 
16.174a2 2 0 0 
0-.5.83l-1.321 4.352a.5.5 
0 0 0 
.623.622l4.353-1.32a2 2 0 
0 0 .83-.497z"[39m
              [36m/>[39m
            
[36m</svg>[39m
            [0m Editor[0m
          
[36m</button>[39m
          [36m<button[39m
            [33mclass[39m
=[32m"btn-secondary "[39m
          [36m>[39m
            [36m<svg[39m
              [33maria-hid
den[39m=[32m"true"[39m
              [33mclass[3
9m=[32m"lucide 
lucide-info"[39m
              [33mfill[39
m=[32m"none"[39m
              [33mheight[
39m=[32m"16"[39m
              [33mstroke[
39m=[32m"currentColor"[39
m
              [33mstroke-l
inecap[39m=[32m"round"[3
9m
              [33mstroke-l
inejoin[39m=[32m"round"[
39m
              [33mstroke-w
idth[39m=[32m"2"[39m
              
[33mviewBox[39m=[32m"0 
0 24 24"[39m
              [33mwidth[3
9m=[32m"16"[39m
              [33mxmlns[3
9m=[32m"http://www.w3.org/
2000/svg"[39m
            [36m>[39m
              
[36m<circle[39m
                
[33mcx[39m=[32m"12"[39m
                
[33mcy[39m=[32m"12"[39m
                
[33mr[39m=[32m"10"[39m
              [36m/>[39m
              
[36m<path[39m
                
[33md[39m=[32m"M12 
16v-4"[39m
              [36m/>[39m
              
[36m<path[39m
                
[33md[39m=[32m"M12 
8h.01"[39m
              [36m/>[39m
            
[36m</svg>[39m
            [0m Theory[0m
          
[36m</button>[39m
          [36m<button[39m
            [33mclass[39m
=[32m"btn-secondary "[39m
          [36m>[39m
            [36m<svg[39m
              [33maria-hid
den[39m=[32m"true"[39m
              [33mclass[3
9m=[32m"lucide 
lucide-chart-column"[39m
              [33mfill[39
m=[32m"none"[39m
              [33mheight[
39m=[32m"16"[39m
              [33mstroke[
39m=[32m"currentColor"[39
m
              [33mstroke-l
inecap[39m=[32m"round"[3
9m
              [33mstroke-l
inejoin[39m=[32m"round"[
39m
              [33mstroke-w
idth[39m=[32m"2"[39m
              
[33mviewBox[39m=[32m"0 
0 24 24"[39m
              [33mwidth[3
9m=[32m"16"[39m
              [33mxmlns[3
9m=[32m"http://www.w3.org/
2000/svg"[39m
            [36m>[39m
              
[36m<path[39m
                
[33md[39m=[32m"M3 
3v16a2 2 0 0 0 2 2h16"[39m
              [36m/>[39m
              
[36m<path[39m
                
[33md[39m=[32m"M18 
17V9"[39m
              [36m/>[39m
              
[36m<path[39m
                
[33md[39m=[32m"M13 
17V5"[39m
              [36m/>[39m
              
[36m<path[39m
                
[33md[39m=[32m"M8 
17v-3"[39m
              [36m/>[39m
            
[36m</svg>[39m
            [0m 
Compare[0m
          
[36m</button>[39m
        [36m</nav>[39m
      [36m</header>[39m
      [36m<main[39m
        [33mclass[39m=[3
2m"container"[39m
      [36m>[39m
        [36m<div[39m
          [33mclass[39m=
[32m"grid-layout"[39m
          [33mstyle[39m=
[32m"opacity: 0; 
transform: 
translateX(-20px);"[39m
        [36m>[39m
          [36m<div[39m
            [33mclass[39m
=[32m"left-panel"[39m
          [36m>[39m
            [36m<div[39m
              [33mstyle[3
9m=[32m"flex: 1 1 0%; 
min-height: 0;"[39m
            [36m>[39m
              
[36m<div[39m
                [33mclass
[39m=[32m"glass-card"[39m
                [33mstyle
[39m=[32m"height: 600px; 
position: relative; 
overflow: hidden; 
background: white;"[39m
              [36m>[39m
                
[36m<div[39m
                  [33mstyl
e[39m=[32m"position: 
absolute; top: 24px; left: 
24px; z-index: 10; 
display: flex; gap: 
10px;"[39m
                [36m>[39m
                  
[36m<div[39m
                    [33mst
yle[39m=[32m"padding: 
8px 16px; font-size: 13px; 
font-weight: 600; 
background: white; 
border-radius: 50px; 
border: 1px solid 
var(--border); box-shadow: 
0 2px 8px 
rgba(0,0,0,0.05); display: 
flex; align-items: center; 
gap: 8px;"[39m
                  
[36m>[39m
                    
[36m<div[39m
                      [33m
style[39m=[32m"width: 
8px; height: 8px; 
background: rgb(16, 185, 
129); border-radius: 
50%;"[39m
                    
[36m/>[39m
                    
[0mInteractive Editor[0m
                  
[36m</div>[39m
                  
[36m<div[39m
                    [33mst
yle[39m=[32m"display: 
flex; gap: 8px;"[39m
                  
[36m>[39m
                    
[36m<button[39m
                      [33m
class[39m=[32m"btn-second
ary"[39m
                      [33m
style[39m=[32m"padding: 
8px 16px; height: auto; 
background: white;"[39m
                    
[36m>[39m
                      
[36m<svg[39m
                        [3
3maria-hidden[39m=[32m"tr
ue"[39m
                        [3
3mclass[39m=[32m"lucide 
lucide-plus"[39m
                        [3
3mfill[39m=[32m"none"[39
m
                        [3
3mheight[39m=[32m"16"[39
m
                        [3
3mstroke[39m=[32m"current
Color"[39m
                        [3
3mstroke-linecap[39m=[32m
"round"[39m
                        [3
3mstroke-linejoin[39m=[32
m"round"[39m
                        [3
3mstroke-width[39m=[32m"2
"[39m
                        
[33mviewBox[39m=[32m"0 
0 24 24"[39m
                        [3
3mwidth[39m=[32m"16"[39m
                        [3
3mxmlns[39m=[32m"http://w
ww.w3.org/2000/svg"[39m
                      
[36m>[39m
                        
[36m<path[39m
                          
[33md[39m=[32m"M5 
12h14"[39m
                        
[36m/>[39m
                        
[36m<path[39m
                          
[33md[39m=[32m"M12 
5v14"[39m
                        
[36m/>[39m
                      
[36m</svg>[39m
                      [0m 
Add Node[0m
                    
[36m</button>[39m
                    
[36m<button[39m
                      [33m
class[39m=[32m"btn-second
ary"[39m
                      [33m
style[39m=[32m"padding: 
8px 16px; height: auto; 
background: white; color: 
rgb(239, 68, 68);"[39m
                    
[36m>[39m
                      
[36m<svg[39m
                        [3
3maria-hidden[39m=[32m"tr
ue"[39m
                        [3
3mclass[39m=[32m"lucide 
lucide-trash2 
lucide-trash-2"[39m
                        [3
3mfill[39m=[32m"none"[39
m
                        [3
3mheight[39m=[32m"16"[39
m
                        [3
3mstroke[39m=[32m"current
Color"[39m
                        [3
3mstroke-linecap[39m=[32m
"round"[39m
                        [3
3mstroke-linejoin[39m=[32
m"round"[39m
                        [3
3mstroke-width[39m=[32m"2
"[39m
                        
[33mviewBox[39m=[32m"0 
0 24 24"[39m
                        [3
3mwidth[39m=[32m"16"[39m
                        [3
3mxmlns[39m=[32m"http://w
ww.w3.org/2000/svg"[39m
                      
[36m>[39m
                        
[36m<path[39m
                          
[33md[39m=[32m"M10 
11v6"[39m
                        
[36m/>[39m
                        
[36m<path[39m
                          
[33md[39m=[32m"M14 
11v6"[39m
                        
[36m/>[39m
                        
[36m<path[39m
                          
[33md[39m=[32m"M19 
6v14a2 2 0 0 1-2 2H7a2 2 0 
0 1-2-2V6"[39m
                        
[36m/>[39m
                        
[36m<path[39m
                          
[33md[39m=[32m"M3 
6h18"[39m
                        
[36m/>[39m
                        
[36m<path[39m
                          
[33md[39m=[32m"M8 6V4a2 
2 0 0 1 2-2h4a2 2 0 0 1 2 
2v2"[39m
                        
[36m/>[39m
                      
[36m</svg>[39m
                      [0m 
Clear Graph[0m
                    
[36m</button>[39m
                  
[36m</div>[39m
                
[36m</div>[39m
                
[36m<div[39m
                  [33mdata
-testid[39m=[32m"graph-ca
nvas"[39m
                [36m>[39m
                  
[0mGraph Canvas[0m
                
[36m</div>[39m
                
[36m<div[39m
                  [33mstyl
e[39m=[32m"position: 
absolute; bottom: 20px; 
right: 20px; z-index: 
10;"[39m
                [36m>[39m
                  
[36m<p[39m
                    [33mst
yle[39m=[32m"font-size: 
11px; color: 
var(--text-muted);"[39m
                  
[36m>[39m
                    
[36m<b>[39m
                      
[0mHow to build:[0m
                    
[36m</b>[39m
                    [0m 
1. Click 'Add Node' 2. 
Select a node, then click 
another to link them 3. 
Press Delete to remove 
selected.[0m
                  
[36m</p>[39m
                
[36m</div>[39m
              
[36m</div>[39m
            
[36m</div>[39m
          [36m</div>[39m
          [36m<aside[39m
            [33mclass[39m
=[32m"right-panel"[39m
          [36m>[39m
            [36m<div[39m
              [33mclass[3
9m=[32m"glass-card"[39m
              [33mstyle[3
9m=[32m"padding: 
32px;"[39m
            [36m>[39m
              
[36m<div[39m
                [33mstyle
[39m=[32m"display: 
block;"[39m
              [36m>[39m
                
[36m<h3[39m
                  [33mstyl
e[39m=[32m"margin-bottom:
 20px; font-size: 18px; 
color: var(--text-main); 
flex-shrink: 0;"[39m
                [36m>[39m
                  
[0mConfiguration[0m
                
[36m</h3>[39m
                
[36m<button>[39m
                  [0mMock 
Upload[0m
                
[36m</button>[39m
                
[36m<div[39m
                  [33mstyl
e[39m=[32m"text-align: 
center; margin: 16px 
0px;"[39m
                [36m>[39m
                  
[36m<span[39m
                    [33mst
yle[39m=[32m"font-size: 
12px; color: 
var(--text-muted); 
font-weight: 600;"[39m
                  
[36m>[39m
                    
[0mOR[0m
                  
[36m</span>[39m
                
[36m</div>[39m
                
[36m<button[39m
                  [33mclas
s[39m=[32m"btn-secondary"
[39m
                  [33mstyl
e[39m=[32m"width: 100%; 
justify-content: center; 
margin-bottom: 24px; 
border-style: dashed; 
background: rgba(99, 102, 
241, 0.05);"[39m
                [36m>[39m
                  
[36m<svg[39m
                    [33mar
ia-hidden[39m=[32m"true"
[39m
                    [33mcl
ass[39m=[32m"lucide 
lucide-plus"[39m
                    [33mfi
ll[39m=[32m"none"[39m
                    [33mhe
ight[39m=[32m"18"[39m
                    [33mst
roke[39m=[32m"currentColo
r"[39m
                    [33mst
roke-linecap[39m=[32m"rou
nd"[39m
                    [33mst
roke-linejoin[39m=[32m"ro
und"[39m
                    [33mst
roke-width[39m=[32m"2"[3
9m
                    
[33mviewBox[39m=[32m"0 
0 24 24"[39m
                    [33mwi
dth[39m=[32m"18"[39m
                    [33mxm
lns[39m=[32m"http://www.w
3.org/2000/svg"[39m
                  
[36m>[39m
                    
[36m<path[39m
                      
[33md[39m=[32m"M5 
12h14"[39m
                    
[36m/>[39m
                    
[36m<path[39m
                      
[33md[39m=[32m"M12 
5v14"[39m
                    
[36m/>[39m
                  
[36m</svg>[39m
                  [0m 
Create Custom Graph[0m
                
[36m</button>[39m
                
[36m<div[39m
                  [33mstyl
e[39m=[32m"margin-top: 
12px; margin-bottom: 
12px;"[39m
                [36m>[39m
                  
[36m<div[39m
                    [33mst
yle[39m=[32m"display: 
flex; align-items: center; 
justify-content: 
space-between; 
margin-bottom: 6px;"[39m
                  
[36m>[39m
                    
[36m<label[39m
                      [33m
style[39m=[32m"font-size:
 11px; color: 
var(--text-muted); 
font-weight: 700; 
letter-spacing: 
0.05em;"[39m
                    
[36m>[39m
                      
[0mSTART NODE[0m
                    
[36m</label>[39m
                  
[36m</div>[39m
                  
[36m<select[39m
                    [33mcl
ass[39m=[32m"select-input
"[39m
                    [33mst
yle[39m=[32m"padding: 
8px 12px; font-size: 
13px;"[39m
                  
[36m/>[39m
                
[36m</div>[39m
                
[36m<div[39m
                  [33mstyl
e[39m=[32m"margin-bottom:
 20px;"[39m
                [36m>[39m
                  
[36m<label[39m
                    [33mst
yle[39m=[32m"display: 
flex; align-items: center; 
gap: 8px; cursor: 
pointer;"[39m
                  
[36m>[39m
                    
[36m<input[39m
                      [33m
checked[39m=[32m""[39m
                      [33m
style[39m=[32m"width: 
16px; height: 16px; 
accent-color: 
var(--primary);"[39m
                      [33m
type[39m=[32m"checkbox"[
39m
                    
[36m/>[39m
                    
[36m<span[39m
                      [33m
style[39m=[32m"font-size:
 13px; font-weight: 600; 
color: 
var(--text-main);"[39m
                    
[36m>[39m
                      
[0mDirected Graph[0m
                    
[36m</span>[39m
                  
[36m</label>[39m
                
[36m</div>[39m
                
[36m<div[39m
                  [33mstyl
e[39m=[32m"display: 
flex; flex-direction: 
column; gap: 10px; 
margin-top: 12px;"[39m
                [36m>[39m
                  
[36m<button[39m
                    [33mcl
ass[39m=[32m"btn-primary"
[39m
                    [33mdi
sabled[39m=[32m""[39m
                    [33mst
yle[39m=[32m"justify-cont
ent: center;"[39m
                  
[36m>[39m
                    
[0mRun Dijkstra 
Algorithm[0m
                  
[36m</button>[39m
                  
[36m<button[39m
                    [33mcl
ass[39m=[32m"btn-floyd"[
39m
                    [33mdi
sabled[39m=[32m""[39m
                  
[36m>[39m
                    
[0mRun Floyd-Warshall[0m
                  
[36m</button>[39m
                
[36m</div>[39m
              
[36m</div>[39m
            
[36m</div>[39m
          
[36m</aside>[39m
        [36m</div>[39m
      [36m</main>[39m
      [36m<footer[39m
        [33mstyle[39m=[3
2m"padding: 16px; 
text-align: center; color: 
var(--text-muted); 
font-size: 11px; 
border-top: 1px solid 
var(--border); background: 
var(--bg-card); 
flex-shrink: 0;"[39m
      [36m>[39m
        [36m<p>[39m
          [0m┬⌐ 2026 
OptiPath - DAA Course 
Project[0m
        [36m</p>[39m
      [36m</footer>[39m
    [36m</div>[39m
  [36m</div>[39m
[36m</body>[39m
[90m [2mΓ¥»[22m 
Object.getElementError node
_modules/@testing-library/d
om/dist/config.js:[2m37:19
[22m[39m
[90m [2mΓ¥»[22m 
getElementError node_module
s/@testing-library/dom/dist
/query-helpers.js:[2m20:35
[22m[39m
[90m [2mΓ¥»[22m getMulti
pleElementsFoundError node_
modules/@testing-library/do
m/dist/query-helpers.js:[2
m23:10[22m[39m
[90m [2mΓ¥»[22m node_mod
ules/@testing-library/dom/d
ist/query-helpers.js:[2m55
:13[22m[39m
[90m [2mΓ¥»[22m node_mod
ules/@testing-library/dom/d
ist/query-helpers.js:[2m95
:19[22m[39m
[36m [2mΓ¥»[22m src/__te
sts__/App.test.jsx:[2m32:2
3[22m[39m
    [90m 30| [39m    
[34mit[39m([32m'renders 
the visualizer view by 
default'[39m[33m,[39m 
() [33m=>[39m {
    [90m 31| [39m        
[34mrender[39m([33m<[39
m[33mApp[39m [33m/[39m
[33m>[39m)[33m;[39m
    [90m 32| [39m        
expect(screen.getByText(/Ed
itor/i).closest('button')).
toHaveClΓÇª
    [90m   | [39m        
              [31m^[39m
    [90m 33| [39m    
})[33m;[39m
    [90m 34| [39m

[31m[2mΓÄ»ΓÄ»ΓÄ»ΓÄ»ΓÄ»ΓÄ»
ΓÄ»ΓÄ»ΓÄ»ΓÄ»ΓÄ»ΓÄ»ΓÄ»ΓÄ»ΓÄ»
ΓÄ»ΓÄ»ΓÄ»ΓÄ»ΓÄ»ΓÄ»ΓÄ»ΓÄ»ΓÄ»
[1/2]ΓÄ»[22m[39m

[41m[1m FAIL [22m[49m s
rc/__tests__/App.test.jsx[
2m > [22mApp 
Component[2m > 
[22mswitches views when 
navigation buttons are 
clicked
[31m[1mTestingLibraryElem
entError[22m[39m: Found 
multiple elements with the 
text: /Editor/i

Here are the matching 
elements:

Ignored nodes: comments, 
script, style
[36m<button[39m
  [33mclass[39m=[32m"btn
-secondary active"[39m
[36m>[39m
  [36m<svg[39m
    [33maria-hidden[39m=
[32m"true"[39m
    [33mclass[39m=[32m"l
ucide lucide-pen-line"[39m
    [33mfill[39m=[32m"no
ne"[39m
    [33mheight[39m=[32m"
16"[39m
    [33mstroke[39m=[32m"
currentColor"[39m
    [33mstroke-linecap[39
m=[32m"round"[39m
    [33mstroke-linejoin[3
9m=[32m"round"[39m
    [33mstroke-width[39m=
[32m"2"[39m
    
[33mviewBox[39m=[32m"0 
0 24 24"[39m
    [33mwidth[39m=[32m"1
6"[39m
    [33mxmlns[39m=[32m"h
ttp://www.w3.org/2000/svg"
[39m
  [36m>[39m
    [36m<path[39m
      
[33md[39m=[32m"M13 
21h8"[39m
    [36m/>[39m
    [36m<path[39m
      
[33md[39m=[32m"M21.174 
6.812a1 1 0 0 
0-3.986-3.987L3.842 
16.174a2 2 0 0 
0-.5.83l-1.321 4.352a.5.5 
0 0 0 
.623.622l4.353-1.32a2 2 0 
0 0 .83-.497z"[39m
    [36m/>[39m
  [36m</svg>[39m
  [0m Editor[0m
[36m</button>[39m

Ignored nodes: comments, 
script, style
[36m<div[39m
  [33mstyle[39m=[32m"pad
ding: 8px 16px; font-size: 
13px; font-weight: 600; 
background: white; 
border-radius: 50px; 
border: 1px solid 
var(--border); box-shadow: 
0 2px 8px 
rgba(0,0,0,0.05); display: 
flex; align-items: center; 
gap: 8px;"[39m
[36m>[39m
  [36m<div[39m
    [33mstyle[39m=[32m"w
idth: 8px; height: 8px; 
background: rgb(16, 185, 
129); border-radius: 
50%;"[39m
  [36m/>[39m
  [0mInteractive 
Editor[0m
[36m</div>[39m

(If this is intentional, 
then use the `*AllBy*` 
variant of the query (like 
`queryAllByText`, 
`getAllByText`, or 
`findAllByText`)).

Ignored nodes: comments, 
script, style
[36m<body>[39m
  [36m<div>[39m
    [36m<div[39m
      [33mclass[39m=[32m
"App"[39m
    [36m>[39m
      [36m<header[39m
        [33mclass[39m=[3
2m"header"[39m
      [36m>[39m
        [36m<div[39m
          [33mclass[39m=
[32m"brand"[39m
          [33mstyle[39m=
[32m"display: flex; 
align-items: center; gap: 
16px;"[39m
        [36m>[39m
          [36m<div[39m
            [33mstyle[39m
=[32m"width: 40px; 
height: 40px; display: 
flex; align-items: center; 
justify-content: 
center;"[39m
          [36m>[39m
            [36m<img[39m
              [33malt[39m
=[32m"OptiPath Logo"[39m
              [33msrc[39m
=[32m"/optipath-logo.png"
[39m
              [33mstyle[3
9m=[32m"width: 100%; 
height: 100%; object-fit: 
contain;"[39m
            [36m/>[39m
          [36m</div>[39m
          [36m<div>[39m
            [36m<h1[39m
              [33mstyle[3
9m=[32m"font-size: 24px; 
font-weight: 700; 
letter-spacing: -0.02em; 
color: 
var(--text-main);"[39m
            [36m>[39m
              
[0mOptiPath[0m
            [36m</h1>[39m
            [36m<p[39m
              [33mstyle[3
9m=[32m"font-size: 13px; 
color: var(--text-muted); 
font-weight: 500;"[39m
            [36m>[39m
              
[0mAlgorithm 
Visualizer[0m
            [36m</p>[39m
          [36m</div>[39m
        [36m</div>[39m
        [36m<nav[39m
          [33mclass[39m=
[32m"nav-buttons"[39m
          [33mstyle[39m=
[32m"display: flex; gap: 
8px; background: 
var(--bg-subtle); padding: 
6px; border-radius: 
14px;"[39m
        [36m>[39m
          [36m<button[39m
            [33mclass[39m
=[32m"btn-secondary 
active"[39m
          [36m>[39m
            [36m<svg[39m
              [33maria-hid
den[39m=[32m"true"[39m
              [33mclass[3
9m=[32m"lucide 
lucide-pen-line"[39m
              [33mfill[39
m=[32m"none"[39m
              [33mheight[
39m=[32m"16"[39m
              [33mstroke[
39m=[32m"currentColor"[39
m
              [33mstroke-l
inecap[39m=[32m"round"[3
9m
              [33mstroke-l
inejoin[39m=[32m"round"[
39m
              [33mstroke-w
idth[39m=[32m"2"[39m
              
[33mviewBox[39m=[32m"0 
0 24 24"[39m
              [33mwidth[3
9m=[32m"16"[39m
              [33mxmlns[3
9m=[32m"http://www.w3.org/
2000/svg"[39m
            [36m>[39m
              
[36m<path[39m
                
[33md[39m=[32m"M13 
21h8"[39m
              [36m/>[39m
              
[36m<path[39m
                
[33md[39m=[32m"M21.174 
6.812a1 1 0 0 
0-3.986-3.987L3.842 
16.174a2 2 0 0 
0-.5.83l-1.321 4.352a.5.5 
0 0 0 
.623.622l4.353-1.32a2 2 0 
0 0 .83-.497z"[39m
              [36m/>[39m
            
[36m</svg>[39m
            [0m Editor[0m
          
[36m</button>[39m
          [36m<button[39m
            [33mclass[39m
=[32m"btn-secondary "[39m
          [36m>[39m
            [36m<svg[39m
              [33maria-hid
den[39m=[32m"true"[39m
              [33mclass[3
9m=[32m"lucide 
lucide-info"[39m
              [33mfill[39
m=[32m"none"[39m
              [33mheight[
39m=[32m"16"[39m
              [33mstroke[
39m=[32m"currentColor"[39
m
              [33mstroke-l
inecap[39m=[32m"round"[3
9m
              [33mstroke-l
inejoin[39m=[32m"round"[
39m
              [33mstroke-w
idth[39m=[32m"2"[39m
              
[33mviewBox[39m=[32m"0 
0 24 24"[39m
              [33mwidth[3
9m=[32m"16"[39m
              [33mxmlns[3
9m=[32m"http://www.w3.org/
2000/svg"[39m
            [36m>[39m
              
[36m<circle[39m
                
[33mcx[39m=[32m"12"[39m
                
[33mcy[39m=[32m"12"[39m
                
[33mr[39m=[32m"10"[39m
              [36m/>[39m
              
[36m<path[39m
                
[33md[39m=[32m"M12 
16v-4"[39m
              [36m/>[39m
              
[36m<path[39m
                
[33md[39m=[32m"M12 
8h.01"[39m
              [36m/>[39m
            
[36m</svg>[39m
            [0m Theory[0m
          
[36m</button>[39m
          [36m<button[39m
            [33mclass[39m
=[32m"btn-secondary "[39m
          [36m>[39m
            [36m<svg[39m
              [33maria-hid
den[39m=[32m"true"[39m
              [33mclass[3
9m=[32m"lucide 
lucide-chart-column"[39m
              [33mfill[39
m=[32m"none"[39m
              [33mheight[
39m=[32m"16"[39m
              [33mstroke[
39m=[32m"currentColor"[39
m
              [33mstroke-l
inecap[39m=[32m"round"[3
9m
              [33mstroke-l
inejoin[39m=[32m"round"[
39m
              [33mstroke-w
idth[39m=[32m"2"[39m
              
[33mviewBox[39m=[32m"0 
0 24 24"[39m
              [33mwidth[3
9m=[32m"16"[39m
              [33mxmlns[3
9m=[32m"http://www.w3.org/
2000/svg"[39m
            [36m>[39m
              
[36m<path[39m
                
[33md[39m=[32m"M3 
3v16a2 2 0 0 0 2 2h16"[39m
              [36m/>[39m
              
[36m<path[39m
                
[33md[39m=[32m"M18 
17V9"[39m
              [36m/>[39m
              
[36m<path[39m
                
[33md[39m=[32m"M13 
17V5"[39m
              [36m/>[39m
              
[36m<path[39m
                
[33md[39m=[32m"M8 
17v-3"[39m
              [36m/>[39m
            
[36m</svg>[39m
            [0m 
Compare[0m
          
[36m</button>[39m
        [36m</nav>[39m
      [36m</header>[39m
      [36m<main[39m
        [33mclass[39m=[3
2m"container"[39m
      [36m>[39m
        [36m<div[39m
          [33mclass[39m=
[32m"grid-layout"[39m
          [33mstyle[39m=
[32m"opacity: 0; 
transform: 
translateX(-20px);"[39m
        [36m>[39m
          [36m<div[39m
            [33mclass[39m
=[32m"left-panel"[39m
          [36m>[39m
            [36m<div[39m
              [33mstyle[3
9m=[32m"flex: 1 1 0%; 
min-height: 0;"[39m
            [36m>[39m
              
[36m<div[39m
                [33mclass
[39m=[32m"glass-card"[39m
                [33mstyle
[39m=[32m"height: 600px; 
position: relative; 
overflow: hidden; 
background: white;"[39m
              [36m>[39m
                
[36m<div[39m
                  [33mstyl
e[39m=[32m"position: 
absolute; top: 24px; left: 
24px; z-index: 10; 
display: flex; gap: 
10px;"[39m
                [36m>[39m
                  
[36m<div[39m
                    [33mst
yle[39m=[32m"padding: 
8px 16px; font-size: 13px; 
font-weight: 600; 
background: white; 
border-radius: 50px; 
border: 1px solid 
var(--border); box-shadow: 
0 2px 8px 
rgba(0,0,0,0.05); display: 
flex; align-items: center; 
gap: 8px;"[39m
                  
[36m>[39m
                    
[36m<div[39m
                      [33m
style[39m=[32m"width: 
8px; height: 8px; 
background: rgb(16, 185, 
129); border-radius: 
50%;"[39m
                    
[36m/>[39m
                    
[0mInteractive Editor[0m
                  
[36m</div>[39m
                  
[36m<div[39m
                    [33mst
yle[39m=[32m"display: 
flex; gap: 8px;"[39m
                  
[36m>[39m
                    
[36m<button[39m
                      [33m
class[39m=[32m"btn-second
ary"[39m
                      [33m
style[39m=[32m"padding: 
8px 16px; height: auto; 
background: white;"[39m
                    
[36m>[39m
                      
[36m<svg[39m
                        [3
3maria-hidden[39m=[32m"tr
ue"[39m
                        [3
3mclass[39m=[32m"lucide 
lucide-plus"[39m
                        [3
3mfill[39m=[32m"none"[39
m
                        [3
3mheight[39m=[32m"16"[39
m
                        [3
3mstroke[39m=[32m"current
Color"[39m
                        [3
3mstroke-linecap[39m=[32m
"round"[39m
                        [3
3mstroke-linejoin[39m=[32
m"round"[39m
                        [3
3mstroke-width[39m=[32m"2
"[39m
                        
[33mviewBox[39m=[32m"0 
0 24 24"[39m
                        [3
3mwidth[39m=[32m"16"[39m
                        [3
3mxmlns[39m=[32m"http://w
ww.w3.org/2000/svg"[39m
                      
[36m>[39m
                        
[36m<path[39m
                          
[33md[39m=[32m"M5 
12h14"[39m
                        
[36m/>[39m
                        
[36m<path[39m
                          
[33md[39m=[32m"M12 
5v14"[39m
                        
[36m/>[39m
                      
[36m</svg>[39m
                      [0m 
Add Node[0m
                    
[36m</button>[39m
                    
[36m<button[39m
                      [33m
class[39m=[32m"btn-second
ary"[39m
                      [33m
style[39m=[32m"padding: 
8px 16px; height: auto; 
background: white; color: 
rgb(239, 68, 68);"[39m
                    
[36m>[39m
                      
[36m<svg[39m
                        [3
3maria-hidden[39m=[32m"tr
ue"[39m
                        [3
3mclass[39m=[32m"lucide 
lucide-trash2 
lucide-trash-2"[39m
                        [3
3mfill[39m=[32m"none"[39
m
                        [3
3mheight[39m=[32m"16"[39
m
                        [3
3mstroke[39m=[32m"current
Color"[39m
                        [3
3mstroke-linecap[39m=[32m
"round"[39m
                        [3
3mstroke-linejoin[39m=[32
m"round"[39m
                        [3
3mstroke-width[39m=[32m"2
"[39m
                        
[33mviewBox[39m=[32m"0 
0 24 24"[39m
                        [3
3mwidth[39m=[32m"16"[39m
                        [3
3mxmlns[39m=[32m"http://w
ww.w3.org/2000/svg"[39m
                      
[36m>[39m
                        
[36m<path[39m
                          
[33md[39m=[32m"M10 
11v6"[39m
                        
[36m/>[39m
                        
[36m<path[39m
                          
[33md[39m=[32m"M14 
11v6"[39m
                        
[36m/>[39m
                        
[36m<path[39m
                          
[33md[39m=[32m"M19 
6v14a2 2 0 0 1-2 2H7a2 2 0 
0 1-2-2V6"[39m
                        
[36m/>[39m
                        
[36m<path[39m
                          
[33md[39m=[32m"M3 
6h18"[39m
                        
[36m/>[39m
                        
[36m<path[39m
                          
[33md[39m=[32m"M8 6V4a2 
2 0 0 1 2-2h4a2 2 0 0 1 2 
2v2"[39m
                        
[36m/>[39m
                      
[36m</svg>[39m
                      [0m 
Clear Graph[0m
                    
[36m</button>[39m
                  
[36m</div>[39m
                
[36m</div>[39m
                
[36m<div[39m
                  [33mdata
-testid[39m=[32m"graph-ca
nvas"[39m
                [36m>[39m
                  
[0mGraph Canvas[0m
                
[36m</div>[39m
                
[36m<div[39m
                  [33mstyl
e[39m=[32m"position: 
absolute; bottom: 20px; 
right: 20px; z-index: 
10;"[39m
                [36m>[39m
                  
[36m<p[39m
                    [33mst
yle[39m=[32m"font-size: 
11px; color: 
var(--text-muted);"[39m
                  
[36m>[39m
                    
[36m<b>[39m
                      
[0mHow to build:[0m
                    
[36m</b>[39m
                    [0m 
1. Click 'Add Node' 2. 
Select a node, then click 
another to link them 3. 
Press Delete to remove 
selected.[0m
                  
[36m</p>[39m
                
[36m</div>[39m
              
[36m</div>[39m
            
[36m</div>[39m
          [36m</div>[39m
          [36m<aside[39m
            [33mclass[39m
=[32m"right-panel"[39m
          [36m>[39m
            [36m<div[39m
              [33mclass[3
9m=[32m"glass-card"[39m
              [33mstyle[3
9m=[32m"padding: 
32px;"[39m
            [36m>[39m
              
[36m<div[39m
                [33mstyle
[39m=[32m"display: 
block;"[39m
              [36m>[39m
                
[36m<h3[39m
                  [33mstyl
e[39m=[32m"margin-bottom:
 20px; font-size: 18px; 
color: var(--text-main); 
flex-shrink: 0;"[39m
                [36m>[39m
                  
[0mConfiguration[0m
                
[36m</h3>[39m
                
[36m<button>[39m
                  [0mMock 
Upload[0m

[2m Test Files [22m [1m[31m1 failed[39m[22m[90m (1)[39m
[2m      Tests [22m [1m[31m2 failed[39m[22m[2m | [22m[1m[32m2 passed[39m[22m[90m (4)[39m
[2m   Start at [22m 21:55:31
[2m   Duration [22m 3.35s[2m (transform 317ms, setup 187ms, import 1.07s, tests 426ms, environment 1.39s)[22m

                
[36m</button>[39m
                
[36m<div[39m
                  [33mstyl
e[39m=[32m"text-align: 
center; margin: 16px 
0px;"[39m
                [36m>[39m
                  
[36m<span[39m
                    [33mst
yle[39m=[32m"font-size: 
12px; color: 
var(--text-muted); 
font-weight: 600;"[39m
                  
[36m>[39m
                    
[0mOR[0m
                  
[36m</span>[39m
                
[36m</div>[39m
                
[36m<button[39m
                  [33mclas
s[39m=[32m"btn-secondary"
[39m
                  [33mstyl
e[39m=[32m"width: 100%; 
justify-content: center; 
margin-bottom: 24px; 
border-style: dashed; 
background: rgba(99, 102, 
241, 0.05);"[39m
                [36m>[39m
                  
[36m<svg[39m
                    [33mar
ia-hidden[39m=[32m"true"
[39m
                    [33mcl
ass[39m=[32m"lucide 
lucide-plus"[39m
                    [33mfi
ll[39m=[32m"none"[39m
                    [33mhe
ight[39m=[32m"18"[39m
                    [33mst
roke[39m=[32m"currentColo
r"[39m
                    [33mst
roke-linecap[39m=[32m"rou
nd"[39m
                    [33mst
roke-linejoin[39m=[32m"ro
und"[39m
                    [33mst
roke-width[39m=[32m"2"[3
9m
                    
[33mviewBox[39m=[32m"0 
0 24 24"[39m
                    [33mwi
dth[39m=[32m"18"[39m
                    [33mxm
lns[39m=[32m"http://www.w
3.org/2000/svg"[39m
                  
[36m>[39m
                    
[36m<path[39m
                      
[33md[39m=[32m"M5 
12h14"[39m
                    
[36m/>[39m
                    
[36m<path[39m
                      
[33md[39m=[32m"M12 
5v14"[39m
                    
[36m/>[39m
                  
[36m</svg>[39m
                  [0m 
Create Custom Graph[0m
                
[36m</button>[39m
                
[36m<div[39m
                  [33mstyl
e[39m=[32m"margin-top: 
12px; margin-bottom: 
12px;"[39m
                [36m>[39m
                  
[36m<div[39m
                    [33mst
yle[39m=[32m"display: 
flex; align-items: center; 
justify-content: 
space-between; 
margin-bottom: 6px;"[39m
                  
[36m>[39m
                    
[36m<label[39m
                      [33m
style[39m=[32m"font-size:
 11px; color: 
var(--text-muted); 
font-weight: 700; 
letter-spacing: 
0.05em;"[39m
                    
[36m>[39m
                      
[0mSTART NODE[0m
                    
[36m</label>[39m
                  
[36m</div>[39m
                  
[36m<select[39m
                    [33mcl
ass[39m=[32m"select-input
"[39m
                    [33mst
yle[39m=[32m"padding: 
8px 12px; font-size: 
13px;"[39m
                  
[36m/>[39m
                
[36m</div>[39m
                
[36m<div[39m
                  [33mstyl
e[39m=[32m"margin-bottom:
 20px;"[39m
                [36m>[39m
                  
[36m<label[39m
                    [33mst
yle[39m=[32m"display: 
flex; align-items: center; 
gap: 8px; cursor: 
pointer;"[39m
                  
[36m>[39m
                    
[36m<input[39m
                      [33m
checked[39m=[32m""[39m
                      [33m
style[39m=[32m"width: 
16px; height: 16px; 
accent-color: 
var(--primary);"[39m
                      [33m
type[39m=[32m"checkbox"[
39m
                    
[36m/>[39m
                    
[36m<span[39m
                      [33m
style[39m=[32m"font-size:
 13px; font-weight: 600; 
color: 
var(--text-main);"[39m
                    
[36m>[39m
                      
[0mDirected Graph[0m
                    
[36m</span>[39m
                  
[36m</label>[39m
                
[36m</div>[39m
                
[36m<div[39m
                  [33mstyl
e[39m=[32m"display: 
flex; flex-direction: 
column; gap: 10px; 
margin-top: 12px;"[39m
                [36m>[39m
                  
[36m<button[39m
                    [33mcl
ass[39m=[32m"btn-primary"
[39m
                    [33mdi
sabled[39m=[32m""[39m
                    [33mst
yle[39m=[32m"justify-cont
ent: center;"[39m
                  
[36m>[39m
                    
[0mRun Dijkstra 
Algorithm[0m
                  
[36m</button>[39m
                  
[36m<button[39m
                    [33mcl
ass[39m=[32m"btn-floyd"[
39m
                    [33mdi
sabled[39m=[32m""[39m
                  
[36m>[39m
                    
[0mRun Floyd-Warshall[0m
                  
[36m</button>[39m
                
[36m</div>[39m
              
[36m</div>[39m
            
[36m</div>[39m
          
[36m</aside>[39m
        [36m</div>[39m
      [36m</main>[39m
      [36m<footer[39m
        [33mstyle[39m=[3
2m"padding: 16px; 
text-align: center; color: 
var(--text-muted); 
font-size: 11px; 
border-top: 1px solid 
var(--border); background: 
var(--bg-card); 
flex-shrink: 0;"[39m
      [36m>[39m
        [36m<p>[39m
          [0m┬⌐ 2026 
OptiPath - DAA Course 
Project[0m
        [36m</p>[39m
      [36m</footer>[39m
    [36m</div>[39m
  [36m</div>[39m
[36m</body>[39m
[90m [2mΓ¥»[22m 
Object.getElementError node
_modules/@testing-library/d
om/dist/config.js:[2m37:19
[22m[39m
[90m [2mΓ¥»[22m 
getElementError node_module
s/@testing-library/dom/dist
/query-helpers.js:[2m20:35
[22m[39m
[90m [2mΓ¥»[22m getMulti
pleElementsFoundError node_
modules/@testing-library/do
m/dist/query-helpers.js:[2
m23:10[22m[39m
[90m [2mΓ¥»[22m node_mod
ules/@testing-library/dom/d
ist/query-helpers.js:[2m55
:13[22m[39m
[90m [2mΓ¥»[22m node_mod
ules/@testing-library/dom/d
ist/query-helpers.js:[2m95
:19[22m[39m
[36m [2mΓ¥»[22m src/__te
sts__/App.test.jsx:[2m39:3
4[22m[39m
    [90m 37| [39m
    [90m 38| [39m        
const theoryBtn = screen.ge
tByText(/Theory/i).closest(
'button'ΓÇª
    [90m 39| [39m        
const editorBtn = screen.ge
tByText(/Editor/i).closest(
'button'ΓÇª
    [90m   | [39m        
                         
[31m^[39m
    [90m 40| [39m
    [90m 41| [39m        
fireEvent[33m.[39m[34mcl
ick[39m(theoryBtn)[33m;[
39m

[31m[2mΓÄ»ΓÄ»ΓÄ»ΓÄ»ΓÄ»ΓÄ»
ΓÄ»ΓÄ»ΓÄ»ΓÄ»ΓÄ»ΓÄ»ΓÄ»ΓÄ»ΓÄ»
ΓÄ»ΓÄ»ΓÄ»ΓÄ»ΓÄ»ΓÄ»ΓÄ»ΓÄ»ΓÄ»
[2/2]ΓÄ»[22m[39m

